2026-03-17 06:43:49 - INFO - all.stratus.driver - Response status: 200, text: {"problem_id":"faulty_image_correlated"} - driver.py:get_curr_problem:207
2026-03-17 06:43:49 - INFO - all.stratus.driver - problem as str: {"problem_id":"faulty_image_correlated"} - driver.py:get_curr_problem:209
2026-03-17 06:43:49 - INFO - all.stratus.driver - problem info: {'problem_id': 'faulty_image_correlated'} - driver.py:get_curr_problem:211
2026-03-17 06:43:49 - INFO - all.stratus.driver - ************************* Starting [diagnosis agent] for [diagnosis] ************************* - driver.py:main:703
2026-03-17 06:43:49 - INFO - all.stratus.driver - loading configs - driver.py:diagnosis_with_localization_task_main:319
2026-03-17 06:43:49 - DEBUG - all.stratus.driver - Agent gets response: status: 200, text: {"app_name":"Hotel Reservation","namespace":"hotel-reservation","descriptions":"A hotel reservation application built with Go and gRPC, providing backend in-memory and persistent databases, a recommender system for hotel recommendations, and a functionality to place reservations."} - driver.py:get_app_info:191
2026-03-17 06:43:49 - DEBUG - all.stratus.driver - App info as str: {"app_name":"Hotel Reservation","namespace":"hotel-reservation","descriptions":"A hotel reservation application built with Go and gRPC, providing backend in-memory and persistent databases, a recommender system for hotel recommendations, and a functionality to place reservations."}  - driver.py:get_app_info:193
2026-03-17 06:43:49 - DEBUG - all.stratus.driver - App info: {'app_name': 'Hotel Reservation', 'namespace': 'hotel-reservation', 'descriptions': 'A hotel reservation application built with Go and gRPC, providing backend in-memory and persistent databases, a recommender system for hotel recommendations, and a functionality to place reservations.'} - driver.py:get_app_info:195
2026-03-17 06:43:49 - INFO - all.stratus.diagnosis - -------------------- [Loop 0] -------------------- - diagnosis_agent.py:arun:86
2026-03-17 06:43:49 - DEBUG - all.stratus.diagnosis - [Loop 0] There were no states. - diagnosis_agent.py:arun:94
2026-03-17 06:43:49 - DEBUG - all.stratus.diagnosis - [Loop 0] Inject framework prompt: 
 You are now in the thinking stage. Here are all the tools you can use:
tool name: get_traces

tool description: Get Jaeger traces for a given service in the last n minutes.

    Args:
        service (str): The name of the service for which to retrieve trace data.
        last_n_minutes (int): The time range (in minutes) to look back from the current time.


tool name: get_services

tool description: Retrieve the list of service names from the Grafana instance.

    Args:

    Returns:
        List[str]: A list of service names available in Grafana.


tool name: get_operations

tool description: Query available operations for a specific service from the Grafana instance.

    Args:
        service (str): The name of the service whose operations should be retrieved.

    Returns:
        List[str]: A list of operation names associated with the specified service.


tool name: get_dependency_graph

tool description: Get service dependency graph from Jaeger's native dependencies API.
    Args:
        last_n_minutes (int): The time range (in minutes) to look back from the current time.
    Returns:
        str: JSON object representing the dependency graph.


tool name: get_metrics

tool description: Query real-time metrics data from the Prometheus instance.

    Args:
        query (str): A Prometheus Query Language (PromQL) expression used to fetch metric values.

    Returns:
        dict: The raw Prometheus response containing metric results, including timestamps, values, and labels.


tool name: exec_read_only_kubectl_cmd

tool description: This is a tool used to execute read-only kubectl commands.

    Args:
        command (str): The read-only kubectl command you want to execute in a CLI to manage a k8s cluster. It should start with "kubectl".
        Available Read-only Commands:
        "kubectl api-resources",
        "kubectl api-version",
        "kubectl auth can-i",
        "kubectl cluster-info",
        "kubectl describe",
        "kubectl diff",
        "kubectl events",
        "kubectl explain",
        "kubectl get",
        "kubectl logs",
        "kubectl options",
        "kubectl top",
        "kubectl version",
        "kubectl config view",
        "kubectl config current-context",
        "kubectl config get",
        INTERACTIVE COMMANDS ARE NOT SUPPORTED, e.g. "kubectl edit"
        INTERACTIVE FLAGS ARE NOT SUPPORTED, e.g., "kubectl logs -f"


tool name: submit_tool

tool description: The tool to submit benchmark results

    Args:
        ans (str): the answer you would like to submit to the benchmark. Use natural language to describe the root cause of the failure.


Choose a tool from the list and output the tool name. Justify your tool choice. In the next step, you will generate a tool call for this tool - base_agent.py:llm_thinking_prompt_inject_step:53
