2026-03-17 19:28:08 - DEBUG - all.sregym.conductor_api - API server is binded to the conductor <sregym.conductor.conductor.Conductor object at 0x7a579f91ac00> - conductor_api.py:run_api:191
2026-03-17 19:28:08 - DEBUG - all.sregym.conductor_api - API server starting on http://0.0.0.0:8000 - conductor_api.py:run_api:197
2026-03-17 19:28:08 - DEBUG - all.sregym.conductor_api - API server is running - conductor_api.py:run_api:232
2026-03-17 19:28:09 - INFO - all.sregym.conductor - Starting Kubernetes API filtering proxy... - conductor.py:start_k8s_proxy:103
2026-03-17 19:28:09 - WARNING - all.sregym.conductor_api - Shutting down API server... - conductor_api.py:request_shutdown:89
2026-03-17 19:28:09 - DEBUG - all.sregym.conductor_api - API server shutdown event received - conductor_api.py:_watch:226
2026-03-17 19:28:32 - INFO - all.sregym.container_runner - 🐳 Building container image 'sregym-agent-base:latest'... - container_runner.py:build_image:221
2026-03-17 19:28:36 - INFO - all.sregym.container_runner - ✅ Container image 'sregym-agent-base:latest' built successfully. - container_runner.py:build_image:238
2026-03-17 19:28:36 - DEBUG - all.sregym.conductor_api - API server is binded to the conductor <sregym.conductor.conductor.Conductor object at 0x71484d51f7a0> - conductor_api.py:run_api:191
2026-03-17 19:28:36 - DEBUG - all.sregym.conductor_api - API server starting on http://0.0.0.0:8000 - conductor_api.py:run_api:197
2026-03-17 19:28:36 - DEBUG - all.sregym.conductor_api - API server is running - conductor_api.py:run_api:232
2026-03-17 19:28:37 - INFO - all.sregym.conductor - Starting Kubernetes API filtering proxy... - conductor.py:start_k8s_proxy:103
2026-03-17 19:28:37 - INFO - all.infra.k8s_proxy - Kubernetes API filtering proxy started on port 16443 - k8s_proxy.py:start:397
2026-03-17 19:28:37 - INFO - all.infra.k8s_proxy - Hidden namespaces: {'khaos', 'chaos-mesh'} - k8s_proxy.py:start:398
2026-03-17 19:28:37 - INFO - all.infra.k8s_proxy - Hidden labels: {'app': {'locust-fetcher', 'load-generator'}, 'job': {'workload'}, 'opentelemetry.io/name': {'load-generator'}} - k8s_proxy.py:start:399
2026-03-17 19:28:37 - INFO - all.infra.k8s_proxy - Generated agent kubeconfig at /tmp/sregym-agent-kubeconfig - k8s_proxy.py:generate_agent_kubeconfig:466
2026-03-17 19:28:37 - INFO - all.sregym.conductor - Agent kubeconfig generated at: /tmp/sregym-agent-kubeconfig - conductor.py:start_k8s_proxy:106
2026-03-17 19:28:37 - DEBUG - all.sregym.conductor - Dependency check passed: kubectl, helm - conductor.py:start_problem:389
2026-03-17 19:28:37 - INFO - all.sregym.conductor - [Session Start] Problem ID: sidecar_port_conflict_hotel_reservation - conductor.py:start_problem:391
2026-03-17 19:28:37 - INFO - all.sregym.conductor - [STAGE] Start testing on problem: sidecar_port_conflict_hotel_reservation - conductor.py:start_problem:392
2026-03-17 19:28:37 - INFO - all.sregym.conductor - Fixing Kubernetes... to normal state. - conductor.py:fix_kubernetes:521
2026-03-17 19:28:37 - INFO - all.sregym.conductor - [FIX] Imbalance leftover if any - conductor.py:fix_kubernetes:522
2026-03-17 19:28:37 - INFO - all.sregym.conductor - [FIX] KubeletCrash leftover if any - conductor.py:fix_kubernetes:529
2026-03-17 19:28:41 - INFO - all.sregym.conductor - [FIX] Stale CoreDNS NXDOMAIN templates if any - conductor.py:fix_kubernetes:533
2026-03-17 19:28:41 - INFO - all.sregym.conductor - [FIX] Leftover dm-flakey infrastructure if any - conductor.py:fix_kubernetes:540
2026-03-17 19:28:42 - INFO - all.sregym.conductor - Fix Kubernetes completed. - conductor.py:fix_kubernetes:546
2026-03-17 19:28:42 - INFO - all.sregym.conductor - No tasklist.yml found. Defaulting to running diagnosis and mitigation for this problem. - conductor.py:get_problem_stages:133
2026-03-17 19:28:42 - INFO - all.sregym.conductor - Undeploying app leftovers... - conductor.py:start_problem:410
2026-03-17 19:28:42 - WARNING - all.infra.kubectl - Namespace 'hotel-reservation' not found. - kubectl.py:delete_namespace:492
2026-03-17 19:28:47 - INFO - all.sregym.conductor - App leftovers undeployed. - conductor.py:start_problem:412
2026-03-17 19:28:47 - INFO - all.sregym.conductor - Deploying app... - conductor.py:start_problem:413
2026-03-17 19:28:47 - INFO - all.infra.cluster_state - Baseline state loaded from /home/htl/cache_dir/cluster_baseline_state.json - cluster_state.py:load_baseline_state:153
2026-03-17 19:28:47 - INFO - all.sregym.conductor - [DEPLOY] Loaded persisted cluster baseline state - conductor.py:deploy_app:558
2026-03-17 19:28:47 - INFO - all.sregym.conductor - [DEPLOY] Setting up metrics-server… - conductor.py:deploy_app:564
2026-03-17 19:28:51 - INFO - all.sregym.conductor - [DEPLOY] Setting up OpenEBS… - conductor.py:deploy_app:583
2026-03-17 19:29:17 - INFO - all.sregym.conductor - [DEPLOY] Deploying Prometheus… - conductor.py:deploy_app:606
2026-03-17 19:29:17 - WARNING - all.infra.prometheus - PersistentVolumeClaim prometheus-pvc not found. Skipping deletion. - prometheus.py:_delete_pvc:110
2026-03-17 19:29:17 - INFO - all.infra.helm - Helm Uninstall: prometheus in namespace observe - helm.py:uninstall:85
2026-03-17 19:29:17 - WARNING - all.infra.helm - Release prometheus does not exist. Skipping uninstall. - helm.py:uninstall:88
2026-03-17 19:29:17 - INFO - all.infra.prometheus - Applying PersistentVolumeClaim from /home/htl/SREGym/sregym/observer/prometheus/prometheus-pvc.yml - prometheus.py:_apply_pvc:97
2026-03-17 19:29:18 - INFO - all.infra.helm - Helm Install: prometheus in namespace observe - helm.py:install:35
2026-03-17 19:29:37 - DEBUG - all.infra.helm - NAME: prometheus
LAST DEPLOYED: Tue Mar 17 19:29:30 2026
NAMESPACE: observe
STATUS: deployed
REVISION: 1
DESCRIPTION: Install complete
TEST SUITE: None
NOTES:
The Prometheus server can be accessed via port 80 on the following DNS name from within your cluster:
prometheus-server.observe.svc.cluster.local


Get the Prometheus server URL by running these commands in the same shell:
  export NODE_PORT=$(kubectl get --namespace observe -o jsonpath="{.spec.ports[0].nodePort}" services prometheus-server)
  export NODE_IP=$(kubectl get nodes --namespace observe -o jsonpath="{.items[0].status.addresses[0].address}")
  echo http://$NODE_IP:$NODE_PORT


The Prometheus alertmanager can be accessed via port 9093 on the following DNS name from within your cluster:
prometheus-alertmanager.observe.svc.cluster.local


Get the Alertmanager URL by running these commands in the same shell:
  export POD_NAME=$(kubectl get pods --namespace observe -l "app.kubernetes.io/name=alertmanager,app.kubernetes.io/instance=prometheus" -o jsonpath="{.items[0].metadata.name}")
  kubectl --namespace observe port-forward $POD_NAME 9093
#################################################################################
######   WARNING: Pod Security Policy has been disabled by default since    #####
######            it deprecated after k8s 1.25+. use                        #####
######            (index .Values "prometheus-node-exporter" "rbac"          #####
###### .          "pspEnabled") with (index .Values                         #####
######            "prometheus-node-exporter" "rbac" "pspAnnotations")       #####
######            in case you still need it.                                #####
#################################################################################


The Prometheus PushGateway can be accessed via port 9091 on the following DNS name from within your cluster:
prometheus-prometheus-pushgateway.observe.svc.cluster.local


Get the PushGateway URL by running these commands in the same shell:
  export POD_NAME=$(kubectl get pods --namespace observe -l "app=prometheus-pushgateway,component=pushgateway" -o jsonpath="{.items[0].metadata.name}")
  kubectl --namespace observe port-forward $POD_NAME 9091

For more information on running Prometheus, visit:
https://prometheus.io/ - helm.py:install:72
2026-03-17 19:30:40 - INFO - all.sregym.conductor - [DEPLOY] Deploying Jaeger… - conductor.py:deploy_app:609
2026-03-17 19:30:41 - INFO - all.sregym.jaeger - Jaeger deployed successfully. - jaeger.py:deploy:26
2026-03-17 19:30:41 - INFO - all.sregym.conductor - [DEPLOY] Deploying OTel Collector… - conductor.py:deploy_app:612
2026-03-17 19:30:50 - INFO - all.sregym.otel_collector - OTel Collector deployed successfully. - otel_collector.py:deploy:26
2026-03-17 19:30:50 - INFO - all.sregym.conductor - [DEPLOY] Deploying Loki… - conductor.py:deploy_app:616
2026-03-17 19:30:50 - WARNING - all.infra.loki - PersistentVolumeClaim loki-pvc not found. Skipping deletion. - loki.py:_delete_pvc:138
2026-03-17 19:30:50 - INFO - all.infra.helm - Helm Uninstall: loki in namespace observe - helm.py:uninstall:85
2026-03-17 19:30:50 - WARNING - all.infra.helm - Release loki does not exist. Skipping uninstall. - helm.py:uninstall:88
2026-03-17 19:30:50 - INFO - all.infra.loki - Adding Grafana Helm repository... - loki.py:_add_grafana_helm_repo:108
2026-03-17 19:30:52 - INFO - all.infra.loki - Applying PersistentVolumeClaim from /home/htl/SREGym/sregym/observer/loki/loki-pvc.yml - loki.py:_apply_pvc:125
2026-03-17 19:30:52 - INFO - all.infra.helm - Helm Install: loki in namespace observe - helm.py:install:35
2026-03-17 19:30:56 - WARNING - all.sregym.conductor_api - Shutting down API server... - conductor_api.py:request_shutdown:89
2026-03-17 19:30:56 - DEBUG - all.sregym.conductor_api - API server shutdown event received - conductor_api.py:_watch:226
